{
  "version": "1.5.0",
  "plugins_used": [
    {
      "name": "ArtifactoryDetector"
    },
    {
      "name": "AWSKeyDetector"
    },
    {
      "name": "AzureStorageKeyDetector"
    },
    {
      "name": "Base64HighEntropyString",
      "limit": 4.5
    },
    {
      "name": "BasicAuthDetector"
    },
    {
      "name": "CloudantDetector"
    },
    {
      "name": "DiscordBotTokenDetector"
    },
    {
      "name": "GitHubTokenDetector"
    },
    {
      "name": "GitLabTokenDetector"
    },
    {
      "name": "HexHighEntropyString",
      "limit": 3.0
    },
    {
      "name": "IbmCloudIamDetector"
    },
    {
      "name": "IbmCosHmacDetector"
    },
    {
      "name": "IPPublicDetector"
    },
    {
      "name": "JwtTokenDetector"
    },
    {
      "name": "KeywordDetector",
      "keyword_exclude": ""
    },
    {
      "name": "MailchimpDetector"
    },
    {
      "name": "NpmDetector"
    },
    {
      "name": "OpenAIDetector"
    },
    {
      "name": "PrivateKeyDetector"
    },
    {
      "name": "PypiTokenDetector"
    },
    {
      "name": "SendGridDetector"
    },
    {
      "name": "SlackDetector"
    },
    {
      "name": "SoftlayerDetector"
    },
    {
      "name": "SquareOAuthDetector"
    },
    {
      "name": "StripeDetector"
    },
    {
      "name": "TelegramBotTokenDetector"
    },
    {
      "name": "TwilioKeyDetector"
    }
  ],
  "filters_used": [
    {
      "path": "detect_secrets.filters.allowlist.is_line_allowlisted"
    },
    {
      "path": "detect_secrets.filters.common.is_baseline_file",
      "filename": ".secrets.baseline"
    },
    {
      "path": "detect_secrets.filters.common.is_ignored_due_to_verification_policies",
      "min_level": 2
    },
    {
      "path": "detect_secrets.filters.heuristic.is_indirect_reference"
    },
    {
      "path": "detect_secrets.filters.heuristic.is_likely_id_string"
    },
    {
      "path": "detect_secrets.filters.heuristic.is_lock_file"
    },
    {
      "path": "detect_secrets.filters.heuristic.is_not_alphanumeric_string"
    },
    {
      "path": "detect_secrets.filters.heuristic.is_potential_uuid"
    },
    {
      "path": "detect_secrets.filters.heuristic.is_prefixed_with_dollar_sign"
    },
    {
      "path": "detect_secrets.filters.heuristic.is_sequential_string"
    },
    {
      "path": "detect_secrets.filters.heuristic.is_swagger_file"
    },
    {
      "path": "detect_secrets.filters.heuristic.is_templated_secret"
    }
  ],
  "results": {
    ".github\\workflows\\integration.yml": [
      {
        "type": "Secret Keyword",
        "filename": ".github\\workflows\\integration.yml",
        "hashed_secret": "2778ad4ae291fdab4bdf0d5f7447d1924bcd0ad1",
        "is_verified": false,
        "line_number": 56
      },
      {
        "type": "Basic Auth Credentials",
        "filename": ".github\\workflows\\integration.yml",
        "hashed_secret": "2778ad4ae291fdab4bdf0d5f7447d1924bcd0ad1",
        "is_verified": false,
        "line_number": 94
      }
    ],
    "REAL_WORLD_VALIDATION_DEMO.md": [
      {
        "type": "Secret Keyword",
        "filename": "REAL_WORLD_VALIDATION_DEMO.md",
        "hashed_secret": "dacdfa06e839681bfa310780d6ccc4b9475576ef",
        "is_verified": false,
        "line_number": 1708
      }
    ],
    "deploy\\helm\\reporting-agent\\values.yaml": [
      {
        "type": "Secret Keyword",
        "filename": "deploy\\helm\\reporting-agent\\values.yaml",
        "hashed_secret": "81519f976b4cf5827e67633f239773ccfb6be1b0",
        "is_verified": false,
        "line_number": 66
      }
    ],
    "deploy\\helm\\waf-api\\templates\\deployment.yaml": [
      {
        "type": "Secret Keyword",
        "filename": "deploy\\helm\\waf-api\\templates\\deployment.yaml",
        "hashed_secret": "2c51a4736ac648ed04fbb9aeb3bd0ba3a1851eb3",
        "is_verified": false,
        "line_number": 101
      }
    ],
    "deploy\\helm\\waf-api\\values.yaml": [
      {
        "type": "Secret Keyword",
        "filename": "deploy\\helm\\waf-api\\values.yaml",
        "hashed_secret": "196083df59a70d5d085d0efdc34635748d4b22dc",
        "is_verified": false,
        "line_number": 61
      }
    ],
    "docker-compose.dev.yml": [
      {
        "type": "Secret Keyword",
        "filename": "docker-compose.dev.yml",
        "hashed_secret": "2778ad4ae291fdab4bdf0d5f7447d1924bcd0ad1",
        "is_verified": false,
        "line_number": 16
      },
      {
        "type": "Secret Keyword",
        "filename": "docker-compose.dev.yml",
        "hashed_secret": "e76ff94dfe140795940c1e6f6499fae050234b81",
        "is_verified": false,
        "line_number": 44
      }
    ],
    "infra\\terraform\\modules\\aks\\main.tf": [
      {
        "type": "Secret Keyword",
        "filename": "infra\\terraform\\modules\\aks\\main.tf",
        "hashed_secret": "aeae1eef4b37c0d5ff57f91492c9b9ed7e9cfec6",
        "is_verified": false,
        "line_number": 73
      }
    ],
    "scripts\\backfill_waf_codes.py": [
      {
        "type": "Basic Auth Credentials",
        "filename": "scripts\\backfill_waf_codes.py",
        "hashed_secret": "9d4e1e23bd5b727046a9e3b4b7db57bd8d6ee684",
        "is_verified": false,
        "line_number": 17
      }
    ],
    "scripts\\dependency_validation.py": [
      {
        "type": "Basic Auth Credentials",
        "filename": "scripts\\dependency_validation.py",
        "hashed_secret": "a94a8fe5ccb19ba61c4c0873d391e987982fbbd3",
        "is_verified": false,
        "line_number": 340
      }
    ],
    "scripts\\startup_validation.py": [
      {
        "type": "Secret Keyword",
        "filename": "scripts\\startup_validation.py",
        "hashed_secret": "fb258d4ec5891d59fc6b392a9a97b20523a57de8",
        "is_verified": false,
        "line_number": 294
      }
    ],
    "src\\shared\\waf_shared\\llm\\factory.py": [
      {
        "type": "Secret Keyword",
        "filename": "src\\shared\\waf_shared\\llm\\factory.py",
        "hashed_secret": "1ccebc9638f47c80fc388173e346b2fa51178cca",
        "is_verified": false,
        "line_number": 12
      }
    ],
    "tests\\integration\\agents\\test_preparation_integration.py": [
      {
        "type": "Secret Keyword",
        "filename": "tests\\integration\\agents\\test_preparation_integration.py",
        "hashed_secret": "78076f71e8ca8ea2b79b8e683f9931189206f1a1",
        "is_verified": false,
        "line_number": 84
      }
    ],
    "tests\\integration\\agents\\test_reporting_integration.py": [
      {
        "type": "Secret Keyword",
        "filename": "tests\\integration\\agents\\test_reporting_integration.py",
        "hashed_secret": "0d501545dac7e3faefec44c83c0eae7c67f12b5d",
        "is_verified": false,
        "line_number": 268
      },
      {
        "type": "Secret Keyword",
        "filename": "tests\\integration\\agents\\test_reporting_integration.py",
        "hashed_secret": "3d72e107e4732db2d92112f50a9057d99eaf7a25",
        "is_verified": false,
        "line_number": 393
      },
      {
        "type": "Secret Keyword",
        "filename": "tests\\integration\\agents\\test_reporting_integration.py",
        "hashed_secret": "0f6a65ab0a0517510bfa4e59eaae5b387e1f5f74",
        "is_verified": false,
        "line_number": 413
      }
    ],
    "tests\\integration\\auth\\test_credential_health.py": [
      {
        "type": "Secret Keyword",
        "filename": "tests\\integration\\auth\\test_credential_health.py",
        "hashed_secret": "a108f648cc643b749fb83196531a11f6715cfac6",
        "is_verified": false,
        "line_number": 109
      },
      {
        "type": "Secret Keyword",
        "filename": "tests\\integration\\auth\\test_credential_health.py",
        "hashed_secret": "44315adde0dd29c14554096ab4580f4043a69c6d",
        "is_verified": false,
        "line_number": 178
      },
      {
        "type": "Secret Keyword",
        "filename": "tests\\integration\\auth\\test_credential_health.py",
        "hashed_secret": "5c821cdb4a94dbed31f9c93f3fbda90e7ffa1cc5",
        "is_verified": false,
        "line_number": 201
      },
      {
        "type": "Secret Keyword",
        "filename": "tests\\integration\\auth\\test_credential_health.py",
        "hashed_secret": "abb5ae5b62cdb188b7e8f5da87f7ab7fc06ddca3",
        "is_verified": false,
        "line_number": 313
      }
    ],
    "tests\\integration\\conftest.py": [
      {
        "type": "Basic Auth Credentials",
        "filename": "tests\\integration\\conftest.py",
        "hashed_secret": "2778ad4ae291fdab4bdf0d5f7447d1924bcd0ad1",
        "is_verified": false,
        "line_number": 14
      }
    ],
    "tests\\unit\\agents\\test_extraction_handler.py": [
      {
        "type": "Secret Keyword",
        "filename": "tests\\unit\\agents\\test_extraction_handler.py",
        "hashed_secret": "6362df71fa6c588d80070e77802d9cd41a102136",
        "is_verified": false,
        "line_number": 740
      }
    ],
    "tests\\unit\\agents\\test_preparation_handler.py": [
      {
        "type": "Secret Keyword",
        "filename": "tests\\unit\\agents\\test_preparation_handler.py",
        "hashed_secret": "2480a275afee0aaa3278832bac5c376fa6fc23b0",
        "is_verified": false,
        "line_number": 687
      }
    ],
    "tests\\unit\\agents\\test_reasoning_pipelines.py": [
      {
        "type": "Secret Keyword",
        "filename": "tests\\unit\\agents\\test_reasoning_pipelines.py",
        "hashed_secret": "61284139e4b46a1ac21804acbb6d1b61719722a4",
        "is_verified": false,
        "line_number": 362
      }
    ],
    "tests\\unit\\agents\\test_reporting_handler.py": [
      {
        "type": "Secret Keyword",
        "filename": "tests\\unit\\agents\\test_reporting_handler.py",
        "hashed_secret": "862a57f903cac18850af262bfee48a368e888f23",
        "is_verified": false,
        "line_number": 269
      },
      {
        "type": "Secret Keyword",
        "filename": "tests\\unit\\agents\\test_reporting_handler.py",
        "hashed_secret": "3d72e107e4732db2d92112f50a9057d99eaf7a25",
        "is_verified": false,
        "line_number": 364
      },
      {
        "type": "Secret Keyword",
        "filename": "tests\\unit\\agents\\test_reporting_handler.py",
        "hashed_secret": "0f6a65ab0a0517510bfa4e59eaae5b387e1f5f74",
        "is_verified": false,
        "line_number": 387
      },
      {
        "type": "Secret Keyword",
        "filename": "tests\\unit\\agents\\test_reporting_handler.py",
        "hashed_secret": "67f592c03af4b83a1c59d8c33a554a66dfe91e17",
        "is_verified": false,
        "line_number": 457
      }
    ],
    "tests\\unit\\api\\test_config_validators.py": [
      {
        "type": "Secret Keyword",
        "filename": "tests\\unit\\api\\test_config_validators.py",
        "hashed_secret": "1a0f39c3bdc08e7e3bb6f02ed181ad96ee90f766",
        "is_verified": false,
        "line_number": 20
      },
      {
        "type": "Secret Keyword",
        "filename": "tests\\unit\\api\\test_config_validators.py",
        "hashed_secret": "5baa61e4c9b93f3f0682250b6cf8331b7ee68fd8",
        "is_verified": false,
        "line_number": 54
      },
      {
        "type": "Secret Keyword",
        "filename": "tests\\unit\\api\\test_config_validators.py",
        "hashed_secret": "84321ca9907e9a7f9f2574065a8d41f57dcab8c6",
        "is_verified": false,
        "line_number": 77
      },
      {
        "type": "Secret Keyword",
        "filename": "tests\\unit\\api\\test_config_validators.py",
        "hashed_secret": "e727d1464ae12436e899a726da5b2f11d8381b26",
        "is_verified": false,
        "line_number": 185
      }
    ],
    "tests\\unit\\auth\\test_auth_service.py": [
      {
        "type": "Secret Keyword",
        "filename": "tests\\unit\\auth\\test_auth_service.py",
        "hashed_secret": "5c5a15a8b0b3e154d77746945e563ba40100681b",
        "is_verified": false,
        "line_number": 50
      },
      {
        "type": "Secret Keyword",
        "filename": "tests\\unit\\auth\\test_auth_service.py",
        "hashed_secret": "920a25ef686c4f7ca6ad23dd109d3ad653161832",
        "is_verified": false,
        "line_number": 100
      }
    ],
    "tests\\unit\\auth\\test_credential_provider.py": [
      {
        "type": "Secret Keyword",
        "filename": "tests\\unit\\auth\\test_credential_provider.py",
        "hashed_secret": "5c5a15a8b0b3e154d77746945e563ba40100681b",
        "is_verified": false,
        "line_number": 149
      },
      {
        "type": "Secret Keyword",
        "filename": "tests\\unit\\auth\\test_credential_provider.py",
        "hashed_secret": "a6d17f4418261dcb8e31c8234c709fb71a5f89ed",
        "is_verified": false,
        "line_number": 222
      },
      {
        "type": "Secret Keyword",
        "filename": "tests\\unit\\auth\\test_credential_provider.py",
        "hashed_secret": "ffb05117c027fa579f819ce5678137442e9a26dd",
        "is_verified": false,
        "line_number": 318
      },
      {
        "type": "Secret Keyword",
        "filename": "tests\\unit\\auth\\test_credential_provider.py",
        "hashed_secret": "a5d51edf254b330b274a6a3a2a848fd914d8345d",
        "is_verified": false,
        "line_number": 392
      },
      {
        "type": "Secret Keyword",
        "filename": "tests\\unit\\auth\\test_credential_provider.py",
        "hashed_secret": "ace07ad8fee191b717e453fb2818817de0fbbe43",
        "is_verified": false,
        "line_number": 403
      },
      {
        "type": "Secret Keyword",
        "filename": "tests\\unit\\auth\\test_credential_provider.py",
        "hashed_secret": "9a7d9c0fec1ad9e400bedf86e5e508a52106c57e",
        "is_verified": false,
        "line_number": 425
      }
    ],
    "tests\\unit\\auth\\test_token_provider.py": [
      {
        "type": "Secret Keyword",
        "filename": "tests\\unit\\auth\\test_token_provider.py",
        "hashed_secret": "5c5a15a8b0b3e154d77746945e563ba40100681b",
        "is_verified": false,
        "line_number": 78
      }
    ],
    "tests\\unit\\db\\test_credential_repository.py": [
      {
        "type": "Secret Keyword",
        "filename": "tests\\unit\\db\\test_credential_repository.py",
        "hashed_secret": "3302e1ff75a70f380e37d29afc16e079c526d158",
        "is_verified": false,
        "line_number": 28
      },
      {
        "type": "Secret Keyword",
        "filename": "tests\\unit\\db\\test_credential_repository.py",
        "hashed_secret": "5c5a15a8b0b3e154d77746945e563ba40100681b",
        "is_verified": false,
        "line_number": 139
      }
    ]
  },
  "generated_at": "2026-06-26T09:37:23Z"
}
